// Jest Snapshot v1, https://goo.gl/fbAQLP

exports[`Plus Button Have a correct render 1`] = `"<a href=\\"#/edit-note/new\\" class=\\"plus-btn v-btn v-btn--is-elevated v-btn--fab v-btn--fixed v-btn--has-bg v-btn--round v-btn--router theme--dark v-size--default primary\\"><span class=\\"v-btn__content\\"><i aria-hidden=\\"true\\" class=\\"v-icon notranslate material-icons theme--dark\\">add</i></span></a>"`;
